[    0.000000] Initializing cgroup subsys cpuset
[    0.000000] Initializing cgroup subsys cpu
[    0.000000] Initializing cgroup subsys cpuacct
[    0.000000] Linux version 4.4.0-184-generic (buildd@lgw01-amd64-060) (gcc version 5.4.0 20160609 (Ubuntu 5.4.0-6ubuntu1~16.04.12) ) #214-Ubuntu SMP Thu Jun 4 10:14:11 UTC 2020 (Ubuntu 4.4.0-184.214-generic 4.4.223)
[    0.000000] Command line: BOOT_IMAGE=/boot/vmlinuz-4.4.0-184-generic root=LABEL=cloudimg-rootfs ro console=tty1 console=ttyS0
[    0.000000] KERNEL supported cpus:
[    0.000000]   Intel GenuineIntel
[    0.000000]   AMD AuthenticAMD
[    0.000000]   Centaur CentaurHauls
[    0.000000] [Firmware Bug]: TSC doesn't count with P0 frequency!
[    0.000000] x86/fpu: xstate_offset[2]:  576, xstate_sizes[2]:  256
[    0.000000] x86/fpu: Supporting XSAVE feature 0x01: 'x87 floating point registers'
[    0.000000] x86/fpu: Supporting XSAVE feature 0x02: 'SSE registers'
[    0.000000] x86/fpu: Supporting XSAVE feature 0x04: 'AVX registers'
[    0.000000] x86/fpu: Enabled xstate features 0x7, context size is 832 bytes, using 'standard' format.
[    0.000000] e820: BIOS-provided physical RAM map:
[    0.000000] BIOS-e820: [mem 0x0000000000000000-0x000000000009fbff] usable
[    0.000000] BIOS-e820: [mem 0x000000000009fc00-0x000000000009ffff] reserved
[    0.000000] BIOS-e820: [mem 0x00000000000f0000-0x00000000000fffff] reserved
[    0.000000] BIOS-e820: [mem 0x0000000000100000-0x000000003ffeffff] usable
[    0.000000] BIOS-e820: [mem 0x000000003fff0000-0x000000003fffffff] ACPI data
[    0.000000] BIOS-e820: [mem 0x00000000fec00000-0x00000000fec00fff] reserved
[    0.000000] BIOS-e820: [mem 0x00000000fee00000-0x00000000fee00fff] reserved
[    0.000000] BIOS-e820: [mem 0x00000000fffc0000-0x00000000ffffffff] reserved
[    0.000000] NX (Execute Disable) protection: active
[    0.000000] SMBIOS 2.5 present.
[    0.000000] Hypervisor detected: KVM
[    0.000000] Kernel/User page tables isolation: disabled
[    0.000000] e820: last_pfn = 0x3fff0 max_arch_pfn = 0x400000000
[    0.000000] MTRR: Disabled
[    0.000000] x86/PAT: MTRRs disabled, skipping PAT initialization too.
[    0.000000] CPU MTRRs all blank - virtualized system.
[    0.000000] x86/PAT: Configuration [0-7]: WB  WT  UC- UC  WB  WT  UC- UC  
[    0.000000] found SMP MP-table at [mem 0x0009fff0-0x0009ffff] mapped at [ffff88000009fff0]
[    0.000000] Scanning 1 areas for low memory corruption
[    0.000000] RAMDISK: [mem 0x362de000-0x37166fff]
[    0.000000] ACPI: Early table checksum verification disabled
[    0.000000] ACPI: RSDP 0x00000000000E0000 000024 (v02 VBOX  )
[    0.000000] ACPI: XSDT 0x000000003FFF0030 00003C (v01 VBOX   VBOXXSDT 00000001 ASL  00000061)
[    0.000000] ACPI: FACP 0x000000003FFF00F0 0000F4 (v04 VBOX   VBOXFACP 00000001 ASL  00000061)
[    0.000000] ACPI: DSDT 0x000000003FFF0470 002325 (v02 VBOX   VBOXBIOS 00000002 INTL 20100528)
[    0.000000] ACPI: FACS 0x000000003FFF0200 000040
[    0.000000] ACPI: FACS 0x000000003FFF0200 000040
[    0.000000] ACPI: APIC 0x000000003FFF0240 00005C (v02 VBOX   VBOXAPIC 00000001 ASL  00000061)
[    0.000000] ACPI: SSDT 0x000000003FFF02A0 0001CC (v01 VBOX   VBOXCPUT 00000002 INTL 20100528)
[    0.000000] No NUMA configuration found
[    0.000000] Faking a node at [mem 0x0000000000000000-0x000000003ffeffff]
[    0.000000] NODE_DATA(0) allocated [mem 0x3ffeb000-0x3ffeffff]
[    0.000000] kvm-clock: Using msrs 4b564d01 and 4b564d00
[    0.000000] kvm-clock: cpu 0, msr 0:3ffe3001, primary cpu clock
[    0.000000] kvm-clock: using sched offset of 3205749699 cycles
[    0.000000] clocksource: kvm-clock: mask: 0xffffffffffffffff max_cycles: 0x1cd42e4dffb, max_idle_ns: 881590591483 ns
[    0.000000] Zone ranges:
[    0.000000]   DMA      [mem 0x0000000000001000-0x0000000000ffffff]
[    0.000000]   DMA32    [mem 0x0000000001000000-0x000000003ffeffff]
[    0.000000]   Normal   empty
[    0.000000]   Device   empty
[    0.000000] Movable zone start for each node
[    0.000000] Early memory node ranges
[    0.000000]   node   0: [mem 0x0000000000001000-0x000000000009efff]
[    0.000000]   node   0: [mem 0x0000000000100000-0x000000003ffeffff]
[    0.000000] Initmem setup node 0 [mem 0x0000000000001000-0x000000003ffeffff]
[    0.000000] ACPI: PM-Timer IO Port: 0x4008
[    0.000000] IOAPIC[0]: apic_id 2, version 32, address 0xfec00000, GSI 0-23
[    0.000000] ACPI: INT_SRC_OVR (bus 0 bus_irq 0 global_irq 2 dfl dfl)
[    0.000000] ACPI: INT_SRC_OVR (bus 0 bus_irq 9 global_irq 9 low level)
[    0.000000] Using ACPI (MADT) for SMP configuration information
[    0.000000] smpboot: Allowing 2 CPUs, 0 hotplug CPUs
[    0.000000] PM: Registered nosave memory: [mem 0x00000000-0x00000fff]
[    0.000000] PM: Registered nosave memory: [mem 0x0009f000-0x0009ffff]
[    0.000000] PM: Registered nosave memory: [mem 0x000a0000-0x000effff]
[    0.000000] PM: Registered nosave memory: [mem 0x000f0000-0x000fffff]
[    0.000000] e820: [mem 0x40000000-0xfebfffff] available for PCI devices
[    0.000000] Booting paravirtualized kernel on KVM
[    0.000000] clocksource: refined-jiffies: mask: 0xffffffff max_cycles: 0xffffffff, max_idle_ns: 7645519600211568 ns
[    0.000000] setup_percpu: NR_CPUS:512 nr_cpumask_bits:512 nr_cpu_ids:2 nr_node_ids:1
[    0.000000] PERCPU: Embedded 33 pages/cpu @ffff88003fc00000 s95448 r8192 d31528 u1048576
[    0.000000] Built 1 zonelists in Node order, mobility grouping on.  Total pages: 257912
[    0.000000] Policy zone: DMA32
[    0.000000] Kernel command line: BOOT_IMAGE=/boot/vmlinuz-4.4.0-184-generic root=LABEL=cloudimg-rootfs ro console=tty1 console=ttyS0
[    0.000000] PID hash table entries: 4096 (order: 3, 32768 bytes)
[    0.000000] Memory: 997664K/1048120K available (8632K kernel code, 1336K rwdata, 4036K rodata, 1492K init, 1292K bss, 50456K reserved, 0K cma-reserved)
[    0.000000] SLUB: HWalign=64, Order=0-3, MinObjects=0, CPUs=2, Nodes=1
[    0.000000] Hierarchical RCU implementation.
[    0.000000] 	Build-time adjustment of leaf fanout to 64.
[    0.000000] 	RCU restricting CPUs from NR_CPUS=512 to nr_cpu_ids=2.
[    0.000000] RCU: Adjusting geometry for rcu_fanout_leaf=64, nr_cpu_ids=2
[    0.000000] NR_IRQS:33024 nr_irqs:440 16
[    0.000000] Console: colour VGA+ 80x25
[    0.000000] console [tty1] enabled
[    0.000000] console [ttyS0] enabled
[    0.000000] tsc: Detected 3593.250 MHz processor
[    0.124365] Calibrating delay loop (skipped) preset value.. 7186.50 BogoMIPS (lpj=14373000)
[    0.125781] pid_max: default: 32768 minimum: 301
[    0.126497] ACPI: Core revision 20150930
[    0.127957] ACPI: 2 ACPI AML tables successfully acquired and loaded
[    0.128973] Security Framework initialized
[    0.129631] Yama: becoming mindful.
[    0.130278] AppArmor: AppArmor initialized
[    0.131021] Dentry cache hash table entries: 131072 (order: 8, 1048576 bytes)
[    0.132211] Inode-cache hash table entries: 65536 (order: 7, 524288 bytes)
[    0.134433] Mount-cache hash table entries: 2048 (order: 2, 16384 bytes)
[    0.135550] Mountpoint-cache hash table entries: 2048 (order: 2, 16384 bytes)
[    0.136808] Initializing cgroup subsys io
[    0.137458] Initializing cgroup subsys memory
[    0.138171] Initializing cgroup subsys devices
[    0.138861] Initializing cgroup subsys freezer
[    0.139546] Initializing cgroup subsys net_cls
[    0.140287] Initializing cgroup subsys perf_event
[    0.141030] Initializing cgroup subsys net_prio
[    0.141740] Initializing cgroup subsys hugetlb
[    0.142428] Initializing cgroup subsys pids
[    0.148720] mce: CPU supports 0 MCE banks
[    0.149427] Last level iTLB entries: 4KB 1024, 2MB 1024, 4MB 512
[    0.150285] Last level dTLB entries: 4KB 1536, 2MB 1536, 4MB 768, 1GB 0
[    0.151227] Spectre V1 : Mitigation: usercopy/swapgs barriers and __user pointer sanitization
[    0.152524] Spectre V2 : Spectre mitigation: LFENCE not serializing, switching to generic retpoline
[    0.153880] Spectre V2 : Mitigation: Full generic retpoline
[    0.154693] Spectre V2 : Spectre v2 / SpectreRSB mitigation: Filling RSB on context switch
[    0.156076] Speculative Store Bypass: Mitigation: Speculative Store Bypass disabled via prctl and seccomp
[    0.159802] Freeing SMP alternatives memory: 36K
[    0.166030] ftrace: allocating 32319 entries in 127 pages
[    0.223095] smpboot: APIC(0) Converting physical 0 to logical package 0
[    0.224172] smpboot: Max logical packages: 1
[    0.225159] x2apic enabled
[    0.225908] Switched APIC routing to physical x2apic.
[    0.227695] ..TIMER: vector=0x30 apic1=0 pin1=2 apic2=-1 pin2=-1
[    0.336676] APIC calibration not consistent with PM-Timer: 108ms instead of 100ms
[    0.338017] APIC delta adjusted to PM-Timer: 6419622 (6959747)
[    0.339024] smpboot: CPU0: AMD Ryzen 5 1600X Six-Core Processor (family: 0x17, model: 0x1, stepping: 0x1)
[    0.340750] Performance Events: Broken PMU hardware detected, using software events only.
[    0.342152] Failed to access perfctr msr (MSR c0010007 is 0)
[    0.349130] KVM setup paravirtual spinlock
[    0.350603] x86: Booting SMP configuration:
[    0.351323] .... node  #0, CPUs:      #1
[    0.352159] kvm-clock: cpu 1, msr 0:3ffe3041, secondary cpu clock
[    0.358477] mce: CPU supports 0 MCE banks
[    0.360965] x86: Booted up 1 node, 2 CPUs
[    0.361852] smpboot: Total of 2 processors activated (14373.00 BogoMIPS)
[    0.363234] devtmpfs: initialized
[    0.365471] evm: security.selinux
[    0.366089] evm: security.SMACK64
[    0.366672] evm: security.SMACK64EXEC
[    0.367302] evm: security.SMACK64TRANSMUTE
[    0.367976] evm: security.SMACK64MMAP
[    0.368621] evm: security.ima
[    0.369172] evm: security.capability
[    0.371054] clocksource: jiffies: mask: 0xffffffff max_cycles: 0xffffffff, max_idle_ns: 7645041785100000 ns
[    0.372562] futex hash table entries: 512 (order: 3, 32768 bytes)
[    0.373653] pinctrl core: initialized pinctrl subsystem
[    0.374579] RTC time:  9:32:48, date: 07/03/20
[    0.375547] NET: Registered protocol family 16
[    0.382751] cpuidle: using governor ladder
[    0.397596] cpuidle: using governor menu
[    0.398366] PCCT header not found.
[    0.399306] ACPI: bus type PCI registered
[    0.400205] acpiphp: ACPI Hot Plug PCI Controller Driver version: 0.5
[    0.401405] PCI: Using configuration type 1 for base access
[    0.402243] PCI: Using configuration type 1 for extended access
[    0.416712] ACPI: Added _OSI(Module Device)
[    0.417465] ACPI: Added _OSI(Processor Device)
[    0.418262] ACPI: Added _OSI(3.0 _SCP Extensions)
[    0.419024] ACPI: Added _OSI(Processor Aggregator Device)
[    0.420315] ACPI: Executed 1 blocks of module-level executable AML code
[    0.423569] ACPI: Interpreter enabled
[    0.424389] ACPI: (supports S0 S5)
[    0.425041] ACPI: Using IOAPIC for interrupt routing
[    0.426038] PCI: Using host bridge windows from ACPI; if necessary, use "pci=nocrs" and report a bug
[    0.430445] ACPI: PCI Root Bridge [PCI0] (domain 0000 [bus 00-ff])
[    0.431434] acpi PNP0A03:00: _OSC: OS supports [ExtendedConfig ASPM ClockPM Segments MSI]
[    0.433319] acpi PNP0A03:00: _OSC: platform does not support [PCIeCapability]
[    0.434725] acpi PNP0A03:00: _OSC: not requesting control; platform does not support [PCIeCapability]
[    0.436238] acpi PNP0A03:00: _OSC: OS requested [PCIeHotplug PME AER PCIeCapability]
[    0.437532] acpi PNP0A03:00: _OSC: platform willing to grant [PCIeHotplug PME AER]
[    0.446780] acpi PNP0A03:00: _OSC failed (AE_SUPPORT); disabling ASPM
[    0.448220] PCI host bridge to bus 0000:00
[    0.448901] pci_bus 0000:00: root bus resource [io  0x0000-0x0cf7 window]
[    0.449900] pci_bus 0000:00: root bus resource [io  0x0d00-0xffff window]
[    0.450915] pci_bus 0000:00: root bus resource [mem 0x000a0000-0x000bffff window]
[    0.452215] pci_bus 0000:00: root bus resource [mem 0x40000000-0xfdffffff window]
[    0.453466] pci_bus 0000:00: root bus resource [bus 00-ff]
[    0.456167] pci 0000:00:01.1: legacy IDE quirk: reg 0x10: [io  0x01f0-0x01f7]
[    0.457424] pci 0000:00:01.1: legacy IDE quirk: reg 0x14: [io  0x03f6]
[    0.458448] pci 0000:00:01.1: legacy IDE quirk: reg 0x18: [io  0x0170-0x0177]
[    0.459517] pci 0000:00:01.1: legacy IDE quirk: reg 0x1c: [io  0x0376]
[    0.474590] pci 0000:00:07.0: quirk: [io  0x4000-0x403f] claimed by PIIX4 ACPI
[    0.475974] pci 0000:00:07.0: quirk: [io  0x4100-0x410f] claimed by PIIX4 SMB
[    0.484165] ACPI: PCI Interrupt Link [LNKA] (IRQs 5 9 10 *11)
[    0.485660] ACPI: PCI Interrupt Link [LNKB] (IRQs 5 9 *10 11)
[    0.486913] ACPI: PCI Interrupt Link [LNKC] (IRQs 5 *9 10 11)
[    0.488174] ACPI: PCI Interrupt Link [LNKD] (IRQs 5 9 10 *11)
[    0.489546] ACPI: Enabled 2 GPEs in block 00 to 07
[    0.490678] vgaarb: setting as boot device: PCI:0000:00:02.0
[    0.491609] vgaarb: device added: PCI:0000:00:02.0,decodes=io+mem,owns=io+mem,locks=none
[    0.493034] vgaarb: loaded
[    0.493622] vgaarb: bridge control possible 0000:00:02.0
[    0.494647] SCSI subsystem initialized
[    0.495440] ACPI: bus type USB registered
[    0.496134] usbcore: registered new interface driver usbfs
[    0.496962] usbcore: registered new interface driver hub
[    0.497781] usbcore: registered new device driver usb
[    0.498879] PCI: Using ACPI for IRQ routing
[    0.499836] NetLabel: Initializing
[    0.500427] NetLabel:  domain hash size = 128
[    0.501146] NetLabel:  protocols = UNLABELED CIPSOv4
[    0.501990] NetLabel:  unlabeled traffic allowed by default
[    0.502971] amd_nb: Cannot enumerate AMD northbridges
[    0.503815] clocksource: Switched to clocksource kvm-clock
[    0.512189] AppArmor: AppArmor Filesystem Enabled
[    0.513118] pnp: PnP ACPI init
[    0.514373] pnp: PnP ACPI: found 3 devices
[    0.524130] clocksource: acpi_pm: mask: 0xffffff max_cycles: 0xffffff, max_idle_ns: 2085701024 ns
[    0.525897] NET: Registered protocol family 2
[    0.526818] TCP established hash table entries: 8192 (order: 4, 65536 bytes)
[    0.527864] TCP bind hash table entries: 8192 (order: 5, 131072 bytes)
[    0.528902] TCP: Hash tables configured (established 8192 bind 8192)
[    0.529870] UDP hash table entries: 512 (order: 2, 16384 bytes)
[    0.530786] UDP-Lite hash table entries: 512 (order: 2, 16384 bytes)
[    0.531740] NET: Registered protocol family 1
[    0.532468] pci 0000:00:00.0: Limiting direct PCI/PCI transfers
[    0.533372] pci 0000:00:01.0: Activating ISA DMA hang workarounds
[    0.535823] Unpacking initramfs...
[    0.747539] Freeing initrd memory: 14884K
[    0.748785] clocksource: tsc: mask: 0xffffffffffffffff max_cycles: 0x33cb6addeae, max_idle_ns: 440795225061 ns
[    0.750682] platform rtc_cmos: registered platform RTC device (no PNP device found)
[    0.751992] Scanning for low memory corruption every 60 seconds
[    0.753419] audit: initializing netlink subsys (disabled)
[    0.754296] audit: type=2000 audit(1593768773.909:1): initialized
[    0.755449] Initialise system trusted keyring
[    0.756314] HugeTLB registered 2 MB page size, pre-allocated 0 pages
[    0.758133] zbud: loaded
[    0.759018] VFS: Disk quotas dquot_6.6.0
[    0.759691] VFS: Dquot-cache hash table entries: 512 (order 0, 4096 bytes)
[    0.760910] squashfs: version 4.0 (2009/01/31) Phillip Lougher
[    0.764163] fuse init (API version 7.23)
[    0.765371] Key type big_key registered
[    0.766060] Allocating IMA MOK and blacklist keyrings.
[    0.768301] Key type asymmetric registered
[    0.769009] Asymmetric key parser 'x509' registered
[    0.770084] Block layer SCSI generic (bsg) driver version 0.4 loaded (major 249)
[    0.771523] io scheduler noop registered
[    0.772223] io scheduler deadline registered (default)
[    0.773134] io scheduler cfq registered
[    0.773899] pci_hotplug: PCI Hot Plug PCI Core version: 0.5
[    0.774787] pciehp: PCI Express Hot Plug Controller Driver version: 0.4
[    0.775919] ACPI: AC Adapter [AC] (on-line)
[    0.776643] input: Power Button as /devices/LNXSYSTM:00/LNXPWRBN:00/input/input0
[    0.777885] ACPI: Power Button [PWRF]
[    0.778565] input: Sleep Button as /devices/LNXSYSTM:00/LNXSLPBN:00/input/input1
[    0.779903] ACPI: Sleep Button [SLPF]
[    0.780812] GHES: HEST is not enabled!
[    0.781655] Serial: 8250/16550 driver, 32 ports, IRQ sharing enabled
[    0.803112] 00:02: ttyS0 at I/O 0x3f8 (irq = 4, base_baud = 115200) is a 16550A
[    0.806488] Linux agpgart interface v0.103
[    0.808653] loop: module loaded
[    0.809677] scsi host0: ata_piix
[    0.810396] scsi host1: ata_piix
[    0.811000] ata1: PATA max UDMA/33 cmd 0x1f0 ctl 0x3f6 bmdma 0xd000 irq 14
[    0.811996] ata2: PATA max UDMA/33 cmd 0x170 ctl 0x376 bmdma 0xd008 irq 15
[    0.813063] libphy: Fixed MDIO Bus: probed
[    0.814130] tun: Universal TUN/TAP device driver, 1.6
[    0.814997] tun: (C) 1999-2004 Max Krasnyansky <maxk@qualcomm.com>
[    0.816008] PPP generic driver version 2.4.2
[    0.816772] ehci_hcd: USB 2.0 'Enhanced' Host Controller (EHCI) Driver
[    0.817705] ehci-pci: EHCI PCI platform driver
[    0.818406] ehci-platform: EHCI generic platform driver
[    0.819232] ohci_hcd: USB 1.1 'Open' Host Controller (OHCI) Driver
[    0.820160] ohci-pci: OHCI PCI platform driver
[    0.821102] ohci-platform: OHCI generic platform driver
[    0.822202] uhci_hcd: USB Universal Host Controller Interface driver
[    0.823555] i8042: PNP: PS/2 Controller [PNP0303:PS2K,PNP0f03:PS2M] at 0x60,0x64 irq 1,12
[    0.825798] serio: i8042 KBD port at 0x60,0x64 irq 1
[    0.826835] serio: i8042 AUX port at 0x60,0x64 irq 12
[    0.827953] mousedev: PS/2 mouse device common for all mice
[    0.829230] input: AT Translated Set 2 keyboard as /devices/platform/i8042/serio0/input/input2
[    0.831324] rtc_cmos rtc_cmos: rtc core: registered rtc_cmos as rtc0
[    0.832541] rtc_cmos rtc_cmos: alarms up to one day, 114 bytes nvram
[    0.833511] i2c /dev entries driver
[    0.834295] device-mapper: uevent: version 1.0.3
[    0.835231] device-mapper: ioctl: 4.34.0-ioctl (2015-10-28) initialised: dm-devel@redhat.com
[    0.837198] ledtrig-cpu: registered to indicate activity on CPUs
[    0.838525] NET: Registered protocol family 10
[    0.839476] NET: Registered protocol family 17
[    0.840254] Key type dns_resolver registered
[    0.841291] registered taskstats version 1
[    0.841994] Loading compiled-in X.509 certificates
[    0.843215] Loaded X.509 cert 'Build time autogenerated kernel key: b6ae09eed57f82583ccd3c65c463e852cdd7a0b5'
[    0.844783] zswap: loaded using pool lzo/zbud
[    0.847020] Key type trusted registered
[    0.850350] Key type encrypted registered
[    0.851170] AppArmor: AppArmor sha1 policy hashing enabled
[    0.852047] ima: No TPM chip found, activating TPM-bypass!
[    0.853015] ima: Allocated hash algorithm: sha1
[    0.853785] evm: HMAC attrs: 0x1
[    0.854689]   Magic number: 12:660:524
[    0.855532] rtc_cmos rtc_cmos: setting system clock to 2020-07-03 09:32:49 UTC (1593768769)
[    0.857132] BIOS EDD facility v0.16 2004-Jun-25, 0 devices found
[    0.858006] EDD information not available.
[    1.136164] Freeing unused kernel memory: 1492K
[    1.137099] Write protecting the kernel read-only data: 14336k
[    1.138458] Freeing unused kernel memory: 1596K
[    1.139443] Freeing unused kernel memory: 60K
Loading, please wait...
starting version 229
[    1.149510] random: systemd-udevd: uninitialized urandom read (16 bytes read, 2 bits of entropy available)
[    1.149967] random: udevadm: uninitialized urandom read (16 bytes read, 2 bits of entropy available)
[    1.149999] random: udevadm: uninitialized urandom read (16 bytes read, 2 bits of entropy available)
[    1.153998] random: systemd-udevd: uninitialized urandom read (16 bytes read, 2 bits of entropy available)
[    1.155570] random: systemd-udevd: uninitialized urandom read (16 bytes read, 2 bits of entropy available)
[    1.157166] random: udevadm: uninitialized urandom read (16 bytes read, 2 bits of entropy available)
[    1.157194] random: systemd-udevd: uninitialized urandom read (16 bytes read, 2 bits of entropy available)
[    1.157765] random: systemd-udevd: uninitialized urandom read (16 bytes read, 2 bits of entropy available)
[    1.157780] random: systemd-udevd: uninitialized urandom read (16 bytes read, 2 bits of entropy available)
[    1.157804] random: systemd-udevd: uninitialized urandom read (16 bytes read, 2 bits of entropy available)
[    1.192067] e1000: Intel(R) PRO/1000 Network Driver - version 7.3.21-k8-NAPI
[    1.193289] e1000: Copyright (c) 1999-2006 Intel Corporation.
[    1.196682] Fusion MPT base driver 3.04.20
[    1.197518] Copyright (c) 1999-2008 LSI Corporation
[    1.205759] Fusion MPT SPI Host driver 3.04.20
[    1.215002] AVX2 version of gcm_enc/dec engaged.
[    1.216052] AES CTR mode by8 optimization enabled
[    1.426712] input: ImExPS/2 Generic Explorer Mouse as /devices/platform/i8042/serio1/input/input4
[    1.776173] e1000 0000:00:03.0 eth0: (PCI:33MHz:32-bit) 02:89:fa:04:16:8f
[    1.777292] e1000 0000:00:03.0 eth0: Intel(R) PRO/1000 Network Connection
[    1.778799] mptbase: ioc0: Initiating bringup
[    1.840951] ioc0: LSI53C1030 A0: Capabilities={Initiator}
[    2.001321] scsi host2: ioc0: LSI53C1030 A0, FwRev=00000000h, Ports=1, MaxQ=256, IRQ=20
[    2.116449] scsi 2:0:0:0: Direct-Access     VBOX     HARDDISK         1.0  PQ: 0 ANSI: 5
[    2.125668] scsi target2:0:0: Beginning Domain Validation
[    2.127269] scsi target2:0:0: Domain Validation skipping write tests
[    2.128217] scsi target2:0:0: Ending Domain Validation
[    2.129054] scsi target2:0:0: asynchronous
[    2.130088] scsi 2:0:1:0: Direct-Access     VBOX     HARDDISK         1.0  PQ: 0 ANSI: 5
[    2.131413] scsi target2:0:1: Beginning Domain Validation
[    2.133511] scsi target2:0:1: Domain Validation skipping write tests
[    2.134523] scsi target2:0:1: Ending Domain Validation
[    2.135429] scsi target2:0:1: asynchronous
[    2.141708] sd 2:0:0:0: Attached scsi generic sg0 type 0
[    2.142023] sd 2:0:0:0: [sda] 20971520 512-byte logical blocks: (10.7 GB/10.0 GiB)
[    2.142150] sd 2:0:0:0: [sda] Write Protect is off
[    2.142228] sd 2:0:0:0: [sda] Incomplete mode parameter data
[    2.142229] sd 2:0:0:0: [sda] Assuming drive cache: write through
[    2.146962] sd 2:0:1:0: Attached scsi generic sg1 type 0
[    2.147059] sd 2:0:1:0: [sdb] 20480 512-byte logical blocks: (10.5 MB/10.0 MiB)
[    2.147211]  sda: sda1
[    2.147261] sd 2:0:1:0: [sdb] Write Protect is off
[    2.147571] sd 2:0:1:0: [sdb] Incomplete mode parameter data
[    2.147572] sd 2:0:1:0: [sdb] Assuming drive cache: write through
[    2.148035] sd 2:0:0:0: [sda] Attached SCSI disk
[    2.157764] sd 2:0:1:0: [sdb] Attached SCSI disk
[    2.848559] e1000 0000:00:08.0 eth1: (PCI:33MHz:32-bit) 08:00:27:44:cf:e6
[    2.849618] e1000 0000:00:08.0 eth1: Intel(R) PRO/1000 Network Connection
[    2.851442] e1000 0000:00:03.0 enp0s3: renamed from eth0
[    2.864317] e1000 0000:00:08.0 enp0s8: renamed from eth1
Begin: Loading essential drivers ... [    4.276775] md: linear personality registered for level -1
[    4.279376] md: multipath personality registered for level -4
[    4.281904] md: raid0 personality registered for level 0
[    4.285556] md: raid1 personality registered for level 1
[    4.355825] raid6: sse2x1   gen()  6926 MB/s
[    4.425065] raid6: sse2x1   xor()  7456 MB/s
[    4.492028] raid6: sse2x2   gen() 15188 MB/s
[    4.560076] raid6: sse2x2   xor() 10012 MB/s
[    4.628495] raid6: sse2x4   gen() 15733 MB/s
[    4.695938] raid6: sse2x4   xor()  4745 MB/s
[    4.764017] raid6: avx2x1   gen() 12945 MB/s
[    4.832312] raid6: avx2x2   gen() 13034 MB/s
[    4.900209] raid6: avx2x4   gen() 15712 MB/s
[    4.901301] raid6: using algorithm sse2x4 gen() 15733 MB/s
[    4.902315] raid6: .... xor() 4745 MB/s, rmw enabled
[    4.903142] raid6: using avx2x2 recovery algorithm
[    4.905574] xor: automatically using best checksumming function:
[    4.944145]    avx       : 10856.000 MB/sec
[    4.946548] async_tx: api initialized (async)
[    4.960094] md: raid6 personality registered for level 6
[    4.961483] md: raid5 personality registered for level 5
[    4.962608] md: raid4 personality registered for level 4
[    4.970120] md: raid10 personality registered for level 10
done.
Begin: Running /scripts/init-premount ... done.
Begin: Mounting root file system ... Begin: Running /scripts/local-top ... done.
Begin: Running /scripts/local-premount ... [    5.010210] Btrfs loaded
Scanning for Btrfs filesystems
done.
Warning: fsck not present, so skipping root file system
[    5.049377] EXT4-fs (sda1): mounted filesystem with ordered data mode. Opts: (null)
done.
Begin: Running /scripts/local-bottom ... done.
Begin: Running /scripts/init-bottom ... done.
[    5.416735] systemd[1]: systemd 229 running in system mode. (+PAM +AUDIT +SELINUX +IMA +APPARMOR +SMACK +SYSVINIT +UTMP +LIBCRYPTSETUP +GCRYPT +GNUTLS +ACL +XZ -LZ4 +SECCOMP +BLKID +ELFUTILS +KMOD -IDN)
[    5.419693] systemd[1]: Detected virtualization oracle.
[    5.420588] systemd[1]: Detected architecture x86-64.

Welcome to [1mUbuntu 16.04.6 LTS[0m!

[    5.424017] systemd[1]: Set hostname to <ubuntu>.
[    5.427241] systemd[1]: Initializing machine ID from random generator.
[    5.428276] systemd[1]: Installed transient /etc/machine-id file.
[    5.541230] systemd[1]: Started Forward Password Requests to Wall Directory Watch.
[[0;32m  OK  [0m] Started Forward Password Requests to Wall Directory Watch.
[    5.543712] systemd[1]: Created slice System Slice.
[[0;32m  OK  [0m] Created slice System Slice.
[    5.545505] systemd[1]: Listening on Journal Socket.
[[0;32m  OK  [0m] Listening on Journal Socket.
[    5.557108] systemd[1]: Starting Nameserver information manager...
         Starting Nameserver information manager...
[    5.565024] systemd[1]: Created slice User and Session Slice.
[[0;32m  OK  [0m] Created slice User and Session Slice.
[    5.566918] systemd[1]: Reached target Slices.
[[0;32m  OK  [0m] Reached target Slices.
[    5.568360] systemd[1]: Started Trigger resolvconf update for networkd DNS.
[[0;32m  OK  [0m] Started Trigger resolvconf update for networkd DNS.
[    5.570276] systemd[1]: Listening on /dev/initctl Compatibility Named Pipe.
[[0;32m  OK  [0m] Listening on /dev/initctl Compatibility Named Pipe.
[    5.572097] systemd[1]: Reached target System Time Synchronized.
[[0;32m  OK  [0m] Reached target System Time Synchronized.
[    5.573812] systemd[1]: Listening on LVM2 poll daemon socket.
[[0;32m  OK  [0m] Listening on LVM2 poll daemon socket.
[    5.592237] systemd[1]: Starting Create list of required static device nodes for the current kernel...
         Starting Create list of required st... nodes for the current kernel...
[    5.596107] systemd[1]: Starting Remount Root and Kernel File Systems...
         Starting Remount Root and Kernel File Systems...
[    5.598197] systemd[1]: Mounting Debug File System...
         Mounting Debug File System...
[    5.599951] systemd[1]: Created slice system-serial\x2dgetty.slice.
[[0;32m  OK  [0m] Created slice system-serial\x2dgetty.slice.
[    5.602963] EXT4-fs (sda1): re-mounted. Opts: (null)
[    5.603360] systemd[1]: Reached target Swap.
[[0;32m  OK  [0m] Reached target Swap.
[    5.605537] systemd[1]: Mounting POSIX Message Queue File System...
         Mounting POSIX Message Queue File System...
[    5.607468] systemd[1]: Listening on Journal Audit Socket.
[[0;32m  OK  [0m] Listening on Journal Audit Socket.
[    5.609220] systemd[1]: Reached target Encrypted Volumes.
[[0;32m  OK  [0m] Reached target Encrypted Volumes.
[    5.611374] systemd[1]: Starting Set console keymap...
         Starting Set console keymap...
[    5.612825] systemd[1]: Reached target User and Group Name Lookups.
[[0;32m  OK  [0m] Reached target User and Group Name Lookups.
[    5.620846] systemd[1]: Listening on Journal Socket (/dev/log).
[[0;32m  OK  [0m] Listening on Journal Socket (/dev/log).
[    5.628433] systemd[1]: Listening on udev Control Socket.
[[0;32m  OK  [0m] Listening on udev Control Socket.
[    5.652932] systemd[1]: Starting Load Kernel Modules...
         Starting Load Kernel Modules...

    5.659864] Loading iSCSI transport class v2.0-870.
[    5.660051] systemd[1]: Listening on LVM2 metadata daemon socket.
[[0;32m  OK  [0m] Listening on LVM2 metadata daemon socket.
[    5.662871] systemd[1]: Set up automount Arbitrary Executable File Formats File System Automount Point.
[[0;32m  OK  [0m] Set up automount Arbitrary Executab...ats File System Automount Point.
[    5.666399] systemd[1]: Listening on udev Kernel Socket.
[[0;32m  OK  [0m] Listening on udev Kernel Socket.
[    5.669281] iscsi: registered transport (tcp)
[    5.672285] systemd[1]: Listening on Device-mapper event daemon FIFOs.
[[0;32m  OK  [0m] Listening on Device-mapper event daemon FIFOs.
[    5.688435] iscsi: registered transport (iser)
[    5.697067] systemd[1]: Starting Monitoring of LVM2 mirrors, snapshots etc. using dmeventd or progress polling...
         Starting Monitoring of LVM2 mirrors... dmeventd or progress polling...
[    5.701475] systemd[1]: Mounting Huge Pages File System...
         Mounting Huge Pages File System...
[    5.703186] systemd[1]: Listening on Syslog Socket.
[[0;32m  OK  [0m] Listening on Syslog Socket.
[    5.705603] systemd[1]: Starting Journal Service...
         Starting Journal Service...
[    5.710305] systemd[1]: Starting Uncomplicated firewall...
         Starting Uncomplicated firewall...
[    5.714538] systemd[1]: Mounted Huge Pages File System.
[[0;32m  OK  [0m] Mounted Huge Pages File System.
[    5.716202] systemd[1]: Mounted POSIX Message Queue File System.
[[0;32m  OK  [0m] Mounted POSIX Message Queue File System.
[    5.724121] systemd[1]: Mounted Debug File System.
[[0;32m  OK  [0m] Mounted Debug File System.
[    5.726602] systemd[1]: Started Create list of required static device nodes for the current kernel.
[[0;32m  OK  [0m] Started Create list of required sta...ce nodes for the current kernel.
[    5.729968] systemd[1]: Started Remount Root and Kernel File Systems.
[[0;32m  OK  [0m] Started Remount Root and Kernel File Systems.
[    5.732155] systemd[1]: Started Set console keymap.
[[0;32m  OK  [0m] Started Set console keymap.
[    5.733999] systemd[1]: Started Load Kernel Modules.
[[0;32m  OK  [0m] Started Load Kernel Modules.
[    5.735839] systemd[1]: Started Uncomplicated firewall.
[[0;32m  OK  [0m] Started Uncomplicated firewall.
[    5.737684] systemd[1]: Started Nameserver information manager.
[[0;32m  OK  [0m] Started Nameserver information manager.
[    5.740785] systemd[1]: Started Journal Service.
[    5.741595] random: nonblocking pool is initialized
[[0;32m  OK  [0m] Started Journal Service.
[[0;32m  OK  [0m] Started LVM2 metadata daemon.
         Starting Apply Kernel Variables...
         Mounting FUSE Control File System...
         Starting Flush Journal to Persistent Storage...
         Starting udev Coldplug all Devices...
         Starting Load/Save Random Seed...
         Starting Create Static Device Nodes in /dev...
[[0;32m  OK  [0m] Mounted FUSE Control File System.
[[0;32m  OK  [0m] Started Apply Kernel Variables.
[[0;32m  OK  [0m] Started Load/Save Random Seed.
[[0;32m  OK  [0m] Started Flush Journal to Persistent Storage.
[[0;32m  OK  [0m] Started Create Static Device Nodes in /dev.
         Starting udev Kernel Device Manager...
[[0;32m  OK  [0m] Started udev Coldplug all Devices.
[[0;32m  OK  [0m] Started udev Kernel Device Manager.
[[0;32m  OK  [0m] Started Dispatch Password Requests to Console Directory Watch.
[[0;32m  OK  [0m] Found device /dev/ttyS0.
[[0;32m  OK  [0m] Listening on Load/Save RF Kill Switch Status /dev/rfkill Watch.
[[0;32m  OK  [0m] Started Monitoring of LVM2 mirrors,...ng dmeventd or progress polling.
[[0;32m  OK  [0m] Reached target Local File Systems (Pre).
[[0;32m  OK  [0m] Reached target Local File Systems.
         Starting Set console font and keymap...
         Starting Initial cloud-init job (pre-networking)...
         Starting Create Volatile Files and Directories...
         Starting LSB: AppArmor initialization...
         Starting Commit a transient machine-id on disk...
         Starting Tell Plymouth To Write Out Runtime Data...
[[0;32m  OK  [0m] Started Create Volatile Files and Directories.
[[0;32m  OK  [0m] Started Tell Plymouth To Write Out Runtime Data.
         Starting Update UTMP about System Boot/Shutdown...
[[0;32m  OK  [0m] Started Commit a transient machine-id on disk.
[[0;32m  OK  [0m] Started Update UTMP about System Boot/Shutdown.
[[0;32m  OK  [0m] Started Set console font and keymap.
[[0;32m  OK  [0m] Created slice system-getty.slice.
[[0;32m  OK  [0m] Started LSB: AppArmor initialization.
[    7.123935] cloud-init[644]: Cloud-init v. 19.4-33-gbb4131a2-0ubuntu1~16.04.1 running 'init-local' at Fri, 03 Jul 2020 09:32:55 +0000. Up 6.79 seconds.
[[0;32m  OK  [0m] Started Initial cloud-init job (pre-networking).
[[0;32m  OK  [0m] Reached target Network (Pre).
         Starting Raise network interfaces...
[[0;32m  OK  [0m] Started Raise network interfaces.
         Starting Initial cloud-init job (metadata service crawler)...
[[0;32m  OK  [0m] Reached target Network.
[    8.229261] cloud-init[971]: Cloud-init v. 19.4-33-gbb4131a2-0ubuntu1~16.04.1 running 'init' at Fri, 03 Jul 2020 09:32:56 +0000. Up 7.60 seconds.
[    8.230708] cloud-init[971]: ci-info: ++++++++++++++++++++++++++++++++++++++Net device info+++++++++++++++++++++++++++++++++++++++
[    8.232009] cloud-init[971]: ci-info: +--------+-------+----------------------------+---------------+--------+-------------------+
[    8.237491] cloud-init[971]: ci-info: | Device |   Up  |          Address           |      Mask     | Scope  |     Hw-Address    |
[    8.239499] cloud-init[971]: ci-info: +--------+-------+----------------------------+---------------+--------+-------------------+
[    8.240790] cloud-init[971]: ci-info: | enp0s3 |  True |         10.0.2.15          | 255.255.255.0 | global | 02:89:fa:04:16:8f |
[    8.242099] cloud-init[971]: ci-info: | enp0s3 |  True | fe80::89:faff:fe04:168f/64 |       .       |  link  | 02:89:fa:04:16:8f |
[    8.243351] cloud-init[971]: ci-info: | enp0s8 | False |             .              |       .       |   .    | 08:00:27:44:cf:e6 |
[    8.244514] cloud-init[971]: ci-info: |   lo   |  True |         127.0.0.1          |   255.0.0.0   |  host  |         .         |
[    8.245826] cloud-init[971]: ci-info: |   lo   |  True |          ::1/128           |       .       |  host  |         .         |
[    8.247176] cloud-init[971]: ci-info: +--------+-------+----------------------------+---------------+--------+-------------------+
[    8.248421] cloud-init[971]: ci-info: +++++++++++++++++++++++++++Route IPv4 info++++++++++++++++++++++++++++
[    8.249549] cloud-init[971]: ci-info: +-------+-------------+----------+---------------+-----------+-------+
[    8.250731] cloud-init[971]: ci-info: | Route | Destination | Gateway  |    Genmask    | Interface | Flags |
[    8.251871] cloud-init[971]: ci-info: +-------+-------------+----------+---------------+-----------+-------+
[    8.252979] cloud-init[971]: ci-info: |   0   |   0.0.0.0   | 10.0.2.2 |    0.0.0.0    |   enp0s3  |   UG  |
[    8.265982] cloud-init[971]: ci-info: |   1   |   10.0.2.0  | 0.0.0.0  | 255.255.255.0 |   enp0s3  |   U   |
[    8.267576] cloud-init[971]: ci-info: +-------+-------------+----------+---------------+-----------+-------+
[    8.268790] cloud-init[971]: ci-info: +++++++++++++++++++Route IPv6 info+++++++++++++++++++
[    8.281067] [cloud-init[0;32m  OK  [0m[971]: ] ci-info: +-------+-------------+---------+-----------+-------+Started Initial cloud-init job (metadata service crawler).

[    8.282268] [[0;32m  OK  [0m] Reached target Network is Online.
cloud-init[971]: ci-info: | Route | Destination | Gateway | Interface | Flags |
[    8.283924] cloud-init[971]: ci-info: +-------+-------------+---------+-----------+-------+
[    8.284858] cloud-init[971]: ci-info: |   0   |  fe80::/64  |    ::   |   enp0s3  |   U   |
[    8.292932] cloud-init[971]: ci-info: |   3   |   ff00::/8  |    ::   |   enp0s3  |   U   |
[    8.293825] cloud-init[971]: ci-info: +-------+-------------+---------+-----------+-------+
[    8.294812] cloud-init[971]: Generating public/private rsa key pair.
[    8.295643] cloud-init[971]: Your identification has been saved in /etc/ssh/ssh_host_rsa_key.
[    8.296575]          Starting iSCSI initiator daemon (iscsid)...
[[0;32m  OK  [0m] Reached target System Initialization.
cloud-init[971]:          Starting LXD - unix socket.
[[0;32m  OK  [0m] Listening on UUID daemon activation socket.
Your public key has been saved in /etc/ssh/ssh_host_rsa_key.pub.
[[0;32m  OK  [0m] Started ACPI Events Check.
[    8.301019] cloud-init[971]: The key fingerprint is:
[    8.302694] cloud-init[971]: SHA256:QUAR+5CgIXGs+DCVE91qukU5QeGedM5jS8WXksRZzFA root@ubuntu-xenial
[    8.302784] cloud-init[971]: The key's randomart image is:
[[0;32m  OK  [0m] Reached target Paths.
[    8.302830] cloud-init[971]: +---[RSA 2048]----+
         [    8.305040] cloud-init[971]: |oo+=++==+BE      |
[    8.305288] cloud-init[971]: | o=+o..*o.o.     |
[    8.305770] cloud-init[971]: |.o..o+= * o      |
[    8.306049] cloud-init[971]: |=  o*= + +       |
Starting Socket activation for snappy daemon.
[    8.306220] cloud-init[971]: | + +o.* S        |
[[0;32m  OK  [0m] Listening on ACPID Listen Socket.
[    8.313517] cloud-init[971]: |  o .o o         |
[    8.314352] cloud-init[971]: |   o  .          |
[    8.314825] cloud-init[971]: |  .              |
[    8.315130] cloud-init[971]: |                 |
[    8.315422] cloud-init[971]: +----[SHA256]-----+
[    8.315974] cloud-init[971]: Generating public/private dsa key pair.
[    8.316494] cloud-init[971]: Your identification has been saved in /etc/ssh/ssh_host_dsa_key.
[    8.316784] cloud-init[971]: Your public key has been saved in /etc/ssh/ssh_host_dsa_key.pub.
[    8.316997] cloud-init[971]: The key fingerprint is:
[    8.318285] cloud-init[971]: SHA256:vY7dGgbdkkQWoYvzIkpYGy5FpHX91QvJpEU0j/DIcXQ root@ubuntu-xenial
[    8.318470] cloud-init[971]: The key's randomart image is:
[    8.319435] cloud-init[971]: +---[DSA 1024]----+
[    8.319720] cloud-init[971]: |  o ..  o*&=E    |
[    8.320269] cloud-init[971]: | + .  .. %==.    |
[    8.320490] cloud-init[971]: |. .    .=.+...   |
[    8.321143] cloud-init[971]: | .     ..= o.    |
[    8.321409] cloud-init[971]: |  +   o S = .    |
[    8.321895] cloud-init[971]: | = o   o . o     |
[    8.322139] cloud-init[971]: |o + . . . +      |
[    8.322656] cloud-init[971]: | o . . . = o     |
[    8.322932] cloud-init[971]: |  .     . +..    |
[    8.323399] cloud-init[971]: +----[SHA256]-----+
[    8.323668] cloud-init[971]: Generating public/private ecdsa key pair.
[    8.324146] cloud-init[971]: Your identification has been saved in /etc/ssh/ssh_host_ecdsa_key.
[    8.324682] cloud-init[971]: Your public key has been saved in /etc/ssh/ssh_host_ecdsa_key.pub.
[    8.325269] cloud-init[971]: The key fingerprint is:
[    8.325938] cloud-init[971]: SHA256:IzyyrbqmtYYwH/3uadNxr2GV38773SdT7j/LO2nQZvQ root@ubuntu-xenial
[    8.326340] cloud-init[971]: The key's randomart image is:
[    8.326880] cloud-init[971]: +---[ECDSA 256]---+
[    8.327368] cloud-init[971]: |                 |
[    8.327674] cloud-init[971]: |                 |
[    8.328259] cloud-init[971]: |                 |
[    8.328335] cloud-init[971]: |     .       . . |
[    8.328839] cloud-init[971]: |   .. + S   o o .|
[    8.329192] cloud-init[971]: |o . .+ o.... o =E|
[    8.329541] cloud-init[971]: |.+...... oo.  =oo|
[    8.329927] cloud-init[971]: |..+. .+... .. +B=|
[    8.330187] cloud-init[971]: |.++o.++.  ..  .O^|
[    8.330645] cloud-init[971]: +----[SHA256]-----+
[    8.331009] cloud-init[971]: Generating public/private ed25519 key pair.
[    8.331382] cloud-init[971]: Your identification has been saved in /etc/ssh/ssh_host_ed25519_key.
[    8.331964] cloud-init[971]: Your public key has been saved in /etc/ssh/ssh_host_ed25519_key.pub.
[    8.333212] cloud-init[971]: The key fingerprint is:
[[0;32m  OK  [0m] Listening on D-Bus System Message Bus Socket.
[    8.333643] cloud-init[971]: SHA256:VKgoF//E4gvk40d4soLwH58bQL+CX8mWp/owSUwPk6Q root@ubuntu-xenial
[    8.335604] cloud-init[971]: The key's randomart image is:
[    8.335780] cloud-init[971]: +--[ED25519 256]--+
[    8.335984] cloud-init[971]: |    .    ..      |
[[0;32m  OK  [0m[    8.337030] cloud-init[971]: |   o..  ..       |
] [    8.337534] cloud-init[971]: |  E *+ o.        |
[    8.337623] cloud-init[971]: |  .++=+.o        |
[    8.338069] cloud-init[971]: |   =+oo+S        |
[    8.338466] cloud-init[971]: |.  o*+++.        |
[    8.338711] cloud-init[971]: |.o..*BO..        |
[    8.339175] cloud-init[971]: |. o.oOo=         |
[    8.339516] cloud-init[971]: |   o++*.         |
Started Message of the Day.
[    8.339583] cloud-init[971]: +----[SHA256]-----+
[[0;32m  OK  [0m] Started Daily Cleanup of Temporary Directories.
[[0;32m  OK  [0m] Started Daily apt download activities.
[[0;32m  OK  [0m] Started Daily apt upgrade and clean activities.
[[0;32m  OK  [0m] Reached target Timers.
[[0;32m  OK  [0m] Reached target Cloud-config availability.
[[0;32m  OK  [0m] Listening on LXD - unix socket.
[[0;32m  OK  [0m] Listening on Socket activation for snappy daemon.
[[0;32m  OK  [0m] Reached target Sockets.
[[0;32m  OK  [0m] Reached target Basic System.
         Starting /etc/rc.local Compatibility...
         Starting Pollinate to seed the pseudo random number generator...
         Starting System Logging Service...
[[0;32m  OK  [0m] Started Deferred execution scheduler.
         Starting Accounts Service...
         Starting LSB: MD monitoring daemon...
         Starting Snappy daemon...
         Starting LSB: Record successful boot for GRUB...
[[0;32m  OK  [0m] Started D-Bus System Message Bus.
         Starting Login Service...
[[0;32m  OK  [0m] Started ACPI event daemon.
         Starting Virtualbox guest utils...
[[0;32m  OK  [0m] Started FUSE filesystem for LXC.
[[0;32m  OK  [0m] Started Regular background program processing daemon.
         Starting LXD - container startup/shutdown...
[[0;32m  OK  [0m] Started System Logging Service.
[[0;32m  OK  [0m] Started iSCSI initiator daemon (iscsid).
[[0;32m  OK  [0m] Started /etc/rc.local Compatibility.
         Starting Authenticate and Authorize Users to Run Privileged Tasks...
         Starting Login to default iSCSI targets...
[[0;32m  OK  [0m] Started Login Service.
[[0;32m  OK  [0m] Started Unattended Upgrades Shutdown.
[[0;32m  OK  [0m] Started LSB: MD monitoring daemon.
[[0;32m  OK  [0m] Started LSB: Record successful boot for GRUB.
[[0;32m  OK  [0m] Started Authenticate and Authorize Users to Run Privileged Tasks.
[[0;32m  OK  [0m] Started Login to default iSCSI targets.
[[0;32m  OK  [0m] Started Accounts Service.
[[0;32m  OK  [0m] Reached target Remote File Systems (Pre).
[[0;32m  OK  [0m] Reached target Remote File Systems.
         Starting LSB: daemon to balance interrupts for SMP systems...
         Starting LSB: Set the CPU Frequency Scaling governor to "ondemand"...
         Starting Permit User Sessions...
         Starting LSB: automatic crash report generation...
[[0;32m  OK  [0m] Started Permit User Sessions.
         Starting Terminate Plymouth Boot Screen...
         Starting Hold until boot process finishes up...
[[0;32m  OK  [0m] Started Hold until boot process finishes up.
[[0;32m  OK  [0m] Started Terminate Plymouth Boot Screen.
[[0;32m  OK  [0m] Started Serial Getty on ttyS0.
[[0;32m  OK  [0m] Started Getty on tty1.
[[0;32m  OK  [0m] Reached target Login Prompts.
         Starting Set console scheme...
[[0;32m  OK  [0m] Started LSB: Set the CPU Frequency Scaling governor to "ondemand".
[[0;32m  OK  [0m] Started Set console scheme.
[[0;32m  OK  [0m] Started LSB: daemon to balance interrupts for SMP systems.
[[0;32m  OK  [0m] Started Virtualbox guest utils.
[[0;32m  OK  [0m] Started LSB: automatic crash report generation.
[[0;32m  OK  [0m] Started LXD - container startup/shutdown.
[[0;32m  OK  [0m] Started Snappy daemon.
         Starting Wait until snapd is fully seeded...
[[0;32m  OK  [0m] Started Pollinate to seed the pseudo random number generator.
         Starting OpenBSD Secure Shell server...
[[0;32m  OK  [0m] Started OpenBSD Secure Shell server.
[[0;32m  OK  [0m] Started Wait until snapd is fully seeded.
[[0;32m  OK  [0m] Reached target Multi-User System.
[[0;32m  OK  [0m] Reached target Graphical Interface.
         Starting Update UTMP about System Runlevel Changes...
         Starting Apply the settings specified in cloud-config...
[[0;32m  OK  [0m] Started Update UTMP about System Runlevel Changes.
[    9.667179] cloud-init[1332]: Generating locales (this might take a while)...
[   10.418587] cloud-init[1332]:   en_US.UTF-8... done
[   10.425493] cloud-init[1332]: Generation complete.
[   10.676303] cloud-init[1332]: Cloud-init v. 19.4-33-gbb4131a2-0ubuntu1~16.04.1 running 'modules:config' at Fri, 03 Jul 2020 09:32:58 +0000. Up 9.58 seconds.
[[0;32m  OK  [0m] Started Apply the settings specified in cloud-config.
         Starting Execute cloud user/final scripts...
ci-info: no authorized SSH keys fingerprints found for user ubuntu.
<14>Jul  3 09:32:59 ec2: 
<14>Jul  3 09:32:59 ec2: #############################################################
<14>Jul  3 09:32:59 ec2: -----BEGIN SSH HOST KEY FINGERPRINTS-----
<14>Jul  3 09:32:59 ec2: 1024 SHA256:vY7dGgbdkkQWoYvzIkpYGy5FpHX91QvJpEU0j/DIcXQ root@ubuntu-xenial (DSA)
<14>Jul  3 09:32:59 ec2: 256 SHA256:IzyyrbqmtYYwH/3uadNxr2GV38773SdT7j/LO2nQZvQ root@ubuntu-xenial (ECDSA)
<14>Jul  3 09:32:59 ec2: 256 SHA256:VKgoF//E4gvk40d4soLwH58bQL+CX8mWp/owSUwPk6Q root@ubuntu-xenial (ED25519)
<14>Jul  3 09:32:59 ec2: 2048 SHA256:QUAR+5CgIXGs+DCVE91qukU5QeGedM5jS8WXksRZzFA root@ubuntu-xenial (RSA)
<14>Jul  3 09:32:59 ec2: -----END SSH HOST KEY FINGERPRINTS-----
<14>Jul  3 09:32:59 ec2: #############################################################
-----BEGIN SSH HOST KEY KEYS-----
ecdsa-sha2-nistp256 AAAAE2VjZHNhLXNoYTItbmlzdHAyNTYAAAAIbmlzdHAyNTYAAABBBEouv6D7lDLLzEjPeueM4oLdKNmC4PwSkebAXJbV9IKChUSpK5oEJrrsg+1Q2uIxQils1zE5Whj9lqiKIyN7v3A= root@ubuntu-xenial
ssh-ed25519 AAAAC3NzaC1lZDI1NTE5AAAAIAaoLN6LJ7rK+G+0OTWj07RmNt8Yxle25DgcQOxz/kby root@ubuntu-xenial
ssh-rsa AAAAB3NzaC1yc2EAAAADAQABAAABAQC/PoQcmIeAf3Vn2C6nodBGKp7ypvbL2d3gDoIPI0jtT4ardftN5bqZvQvog2UcLkGJfB9LXi5Qv/5PWrqEg8rPulrXf2k6rTkRCF+gZMwtVq/7/Oy7xc643ksA7jDfnVtjwwAgXFY4wqdXPLGBM0uC51XXuieJ/nZGEd61zFcKWJJN+SKTw28krQ9lz5+eHe3Ybe6vr+opuLiASgLIzLot40nFpk5nppUz5AnNE4Yz+VienQs6lK26qB2aGJIxURbyxmQkeulcdnSsWs78wLeJh670DwKZE9+PZxLuBrlyLToSGSagH+CmsTnl+6J3XdimWvM53aqX3D2yrmDoQyCp root@ubuntu-xenial
-----END SSH HOST KEY KEYS-----
[   11.112876] cloud-init[1370]: Cloud-init v. 19.4-33-gbb4131a2-0ubuntu1~16.04.1 running 'modules:final' at Fri, 03 Jul 2020 09:32:59 +0000. Up 11.00 seconds.
[   11.114371] cloud-init[1370]: ci-info: no authorized SSH keys fingerprints found for user ubuntu.
[   11.115563] cloud-init[1370]: Cloud-init v. 19.4-33-gbb4131a2-0ubuntu1~16.04.1 finished at Fri, 03 Jul 2020 09:32:59 +0000. Datasource DataSourceNoCloud [seed=/dev/sdb][dsmode=net].  Up 11.10 seconds
[[0;32m  OK  [0m] Started Execute cloud user/final scripts.
[[0;32m  OK  [0m] Reached target Cloud-init target.

Ubuntu 16.04.6 LTS ubuntu-xenial ttyS0

ubuntu-xenial login: 